// Jest Snapshot v1, https://goo.gl/fbAQLP

exports[`Header layouts should render Header layouts 1`] = `
<div>
  <header
    class="MuiBox-root css-1p2cbqg"
  >
    <div
      class="MuiBox-root css-kp6j5k"
    >
      <div
        class="MuiContainer-root MuiContainer-maxWidthLg css-9tjvhq-MuiContainer-root"
      >
        <h1
          class="MuiTypography-root MuiTypography-h1 css-45zyr7-MuiTypography-root"
        >
          <a
            href="/"
          >
            BEAUTYONCODE
          </a>
        </h1>
        <div
          class="MuiBox-root css-7w1jqr"
        >
          <ul
            class="MuiList-root MuiList-padding css-127t676-MuiList-root"
          >
            <li
              class="MuiListItem-root MuiListItem-gutters MuiListItem-padding css-1rk1jkp-MuiListItem-root"
            >
              <a
                href="/"
              >
                HOME
              </a>
            </li>
            <li
              class="MuiListItem-root MuiListItem-gutters MuiListItem-padding css-1rk1jkp-MuiListItem-root"
            >
              <a
                href="/category/most-views/1"
              >
                Most views
              </a>
            </li>
            <li
              class="MuiListItem-root MuiListItem-gutters MuiListItem-padding css-1rk1jkp-MuiListItem-root"
            >
              <a
                href="/blog/1"
              >
                Blog
              </a>
            </li>
            <li
              class="MuiListItem-root MuiListItem-gutters MuiListItem-padding css-1rk1jkp-MuiListItem-root"
            >
              <a
                href="/about"
              >
                About
              </a>
            </li>
            <li
              class="MuiListItem-root MuiListItem-gutters MuiListItem-padding css-1rk1jkp-MuiListItem-root"
            >
              <a
                href="/category/short-posts/1"
              >
                Short Posts
              </a>
            </li>
          </ul>
          <button
            aria-label="menu"
            class="MuiButtonBase-root MuiIconButton-root MuiIconButton-colorInherit MuiIconButton-edgeStart MuiIconButton-sizeMedium css-bxr13g-MuiButtonBase-root-MuiIconButton-root"
            tabindex="0"
            type="button"
          >
            <svg
              aria-hidden="true"
              class="MuiSvgIcon-root MuiSvgIcon-fontSizeMedium css-i4bv87-MuiSvgIcon-root"
              data-testid="MenuIcon"
              focusable="false"
              viewBox="0 0 24 24"
            >
              <path
                d="M3 18h18v-2H3v2zm0-5h18v-2H3v2zm0-7v2h18V6H3z"
              />
            </svg>
            <span
              class="MuiTouchRipple-root css-8je8zh-MuiTouchRipple-root"
            />
          </button>
          <button
            aria-label="search"
            class="MuiButtonBase-root MuiButton-root MuiButton-text MuiButton-textPrimary MuiButton-sizeMedium MuiButton-textSizeMedium MuiButton-root MuiButton-text MuiButton-textPrimary MuiButton-sizeMedium MuiButton-textSizeMedium css-si6aep-MuiButtonBase-root-MuiButton-root"
            tabindex="0"
            type="button"
          >
            <svg
              aria-hidden="true"
              class="MuiSvgIcon-root MuiSvgIcon-fontSizeMedium css-1unfims-MuiSvgIcon-root"
              focusable="false"
              viewBox="0 0 24 24"
            >
              <svg
                aria-hidden="true"
                class="MuiSvgIcon-root MuiSvgIcon-fontSizeMedium css-i4bv87-MuiSvgIcon-root"
                data-testid="SearchIcon"
                focusable="false"
                viewBox="0 0 24 24"
              >
                <path
                  d="M15.5 14h-.79l-.28-.27C15.41 12.59 16 11.11 16 9.5 16 5.91 13.09 3 9.5 3S3 5.91 3 9.5 5.91 16 9.5 16c1.61 0 3.09-.59 4.23-1.57l.27.28v.79l5 4.99L20.49 19l-4.99-5zm-6 0C7.01 14 5 11.99 5 9.5S7.01 5 9.5 5 14 7.01 14 9.5 11.99 14 9.5 14z"
                />
              </svg>
            </svg>
            <span
              class="MuiTouchRipple-root css-8je8zh-MuiTouchRipple-root"
            />
          </button>
        </div>
        <div>
          loading.....
        </div>
      </div>
    </div>
    <div
      class="MuiBox-root css-fcpxmd"
    >
      <div
        class="MuiContainer-root MuiContainer-maxWidthLg css-1oqqzyl-MuiContainer-root"
      >
        <nav
          class="MuiTypography-root MuiTypography-body1 MuiBreadcrumbs-root css-1wjacta-MuiTypography-root-MuiBreadcrumbs-root"
        >
          <ol
            class="MuiBreadcrumbs-ol css-4pdmu4-MuiBreadcrumbs-ol"
          >
            <li
              class="MuiBreadcrumbs-li"
            >
              <p
                class="MuiTypography-root MuiTypography-body1 css-yfdiyr-MuiTypography-root"
              >
                <a
                  href="/"
                >
                  HOME
                </a>
              </p>
            </li>
            <li
              aria-hidden="true"
              class="MuiBreadcrumbs-separator css-1wuw8dw-MuiBreadcrumbs-separator"
            >
              /
            </li>
            <li
              class="MuiBreadcrumbs-li"
            >
              <p
                class="MuiTypography-root MuiTypography-body1 css-q3mnza-MuiTypography-root"
              >
                <a
                  href="/blog"
                >
                  Blog
                </a>
              </p>
            </li>
            <li
              aria-hidden="true"
              class="MuiBreadcrumbs-separator css-1wuw8dw-MuiBreadcrumbs-separator"
            >
              /
            </li>
            <li
              class="MuiBreadcrumbs-li"
            >
              <p
                class="MuiTypography-root MuiTypography-body1 css-q3mnza-MuiTypography-root"
              >
                <a
                  href="/lexical-environment-trong-javascript"
                >
                  LEXICAL ENVIRONMENT TRONG JAVASCRIPT
                </a>
              </p>
            </li>
          </ol>
        </nav>
        <h2
          class="MuiTypography-root MuiTypography-h2 css-1m68tzt-MuiTypography-root"
          data-testid="page-title"
        >
          blog
        </h2>
      </div>
    </div>
  </header>
</div>
`;
