// Jest Snapshot v1, https://goo.gl/fbAQLP

exports[`Card Header component should render Card Header component 1`] = `
<div>
  <div
    class="MuiBox-root css-7pf6at"
  >
    <div
      class="MuiBox-root css-0"
    >
      <h5
        class="MuiTypography-root MuiTypography-h5 css-1arc1mz-MuiTypography-root"
      >
        Learn more
      </h5>
      <p
        class="MuiTypography-root MuiTypography-body1 css-10ca3tv-MuiTypography-root"
      >
        description
      </p>
    </div>
    <button
      class="MuiButtonBase-root MuiButton-root MuiButton-text MuiButton-textPrimary MuiButton-sizeMedium MuiButton-textSizeMedium MuiButton-root MuiButton-text MuiButton-textPrimary MuiButton-sizeMedium MuiButton-textSizeMedium css-oqx3s-MuiButtonBase-root-MuiButton-root"
      tabindex="0"
      type="button"
    >
      <svg
        aria-hidden="true"
        class="MuiSvgIcon-root MuiSvgIcon-fontSizeMedium css-i4bv87-MuiSvgIcon-root"
        data-testid="MoreVertIcon"
        focusable="false"
        viewBox="0 0 24 24"
      >
        <path
          d="M12 8c1.1 0 2-.9 2-2s-.9-2-2-2-2 .9-2 2 .9 2 2 2zm0 2c-1.1 0-2 .9-2 2s.9 2 2 2 2-.9 2-2-.9-2-2-2zm0 6c-1.1 0-2 .9-2 2s.9 2 2 2 2-.9 2-2-.9-2-2-2z"
        />
      </svg>
      <span
        class="MuiTouchRipple-root css-8je8zh-MuiTouchRipple-root"
      />
    </button>
  </div>
</div>
`;
